Microchip MPLAB XC8 Compiler V2.41

Linker command line:

-W-3 \
  --edf=C:/Program Files/Microchip/MPLABX/v6.10/packs/Microchip/PIC18Fxxxx_DFP/1.4.151/xc8\pic\dat\20230323171731_en.msgs \
  -cn -h+dist/default/debug\DMM.X.debug.sym \
  --cmf=dist/default/debug\DMM.X.debug.cmf -z -Q18F4620 \
  -oC:\Users\IDEAPA~1\AppData\Local\Temp\xcBso94.1\driver_tmp_3.o \
  --defsym=__MPLAB_BUILD=1 --fixupoverflow=error \
  -Mdist/default/debug/DMM.X.debug.map \
  --md=C:\Users\IDEAPA~1\AppData\Local\Temp\xcBso94.1\driver_tmp_0.dat -E1 \
  -ver=XC8 Compiler --acfsm=1493 -ACODE=00h-0FFFFh -ACONST=00h-0FFFFh \
  -ASMALLCONST=01000h-010FFhx240 -AMEDIUMCONST=01000h-0FFFFh \
  -ACOMRAM=01h-07Fh -AABS1=00h-0F7Fh -ABIGRAM=01h-0F7Fh \
  -ARAM=080h-0FFh,0100h-01FFhx14,0F00h-0F7Fh -ABANK0=080h-0FFh \
  -ABANK1=0100h-01FFh -ABANK2=0200h-02FFh -ABANK3=0300h-03FFh \
  -ABANK4=0400h-04FFh -ABANK5=0500h-05FFh -ABANK6=0600h-06FFh \
  -ABANK7=0700h-07FFh -ABANK8=0800h-08FFh -ABANK9=0900h-09FFh \
  -ABANK10=0A00h-0AFFh -ABANK11=0B00h-0BFFh -ABANK12=0C00h-0CFFh \
  -ABANK13=0D00h-0DFFh -ABANK14=0E00h-0EFFh -ABANK15=0F00h-0F7Fh \
  -ASFR=0F80h-0FFFh -ABIGSFR=0F80h-0FFFh -ACONFIG=0300000h-030000Dh \
  -AIDLOC=0200000h-0200007h -AEEDATA=0F00000h-0F003FFh -peeprom_data=EEDATA \
  -preset_vec=00h,intcode=08h,intcodelo=018h,powerup,init -pramtop=01000h \
  -psmallconst=SMALLCONST -pmediumconst=MEDIUMCONST -pconst=CONST \
  -AFARRAM=00h-00h \
  -prdata=COMRAM,nvrram=COMRAM,nvbit=COMRAM,rbss=COMRAM,rbit=COMRAM \
  -pfarbss=FARRAM,fardata=FARRAM,nvFARRAM=FARRAM \
  -pintsave_regs=BIGRAM,bigbss=BIGRAM,bigdata=BIGRAM -pbss=RAM \
  -pidata=CODE,irdata=CODE,ibigdata=CODE,ifardata=CODE -prparam=COMRAM \
  C:\Users\IDEAPA~1\AppData\Local\Temp\xcBso94.1\driver_tmp_9.o \
  dist/default/debug\DMM.X.debug.o 

Object code version is 3.11

Machine type is 18F4620



                Name                               Link     Load   Length Selector   Space Scale
C:\Users\IDEAPA~1\AppData\Local\Temp\xcBso94.1\driver_tmp_9.o
                config                           300000   300000        E        0       4
                init                                 66       66        4        C       0
                reset_vec                             0        0        4        0       0
dist/default/debug\DMM.X.debug.o
                intcodelo                            18       18       4E        C       0
                intcode                               8        8        6        4       0
                config                           300000   300000        E        0       4
                temp                                 7E       7E        1        1       1
                smallconst                         1000     1000        6      800       0
                text49                             458C     458C        4      803       0
                text48                             4588     4588        4      803       0
                text47                             4584     4584        4      803       0
                text46                             4580     4580        4      803       0
                text45                             457C     457C        4      803       0
                text44                             4578     4578        4      803       0
                text43                             4574     4574        4      803       0
                text42                             4570     4570        4      803       0
                text41                             456C     456C        4      803       0
                text40                             4568     4568        4      803       0
                intcode_body                       3128     3128      256      803       0
                text38                             4564     4564        4      803       0
                text37                             4560     4560        4      803       0
                text35                             4536     4536        C      803       0
                text34                             4504     4504        E      803       0
                text33                             44F6     44F6        E      803       0
                text32                             44E8     44E8        E      803       0
                text31                             2D8E     2D8E      39A      803       0
                text30                             2964     2964      42A      803       0
                text29                             24A4     24A4      4C0      803       0
                text28                             4414     4414       46      803       0
                text27                             3C4E     3C4E      106      803       0
                text26                             4486     4486       26      803       0
                text25                             337E     337E      1B4      803       0
                text24                             1FA6     1FA6      4FE      803       0
                text23                             4542     4542        A      803       0
                text22                             452A     452A        C      803       0
                text21                             451E     451E        C      803       0
                text20                             4512     4512        C      803       0
                text19                             3690     3690      15E      803       0
                text18                             437C     437C       52      803       0
                text17                             3A2E     3A2E      112      803       0
                text16                             391C     391C      112      803       0
                text15                             4120     4120       C2      803       0
                text14                             43CE     43CE       46      803       0
                text13                             3F4C     3F4C       FC      803       0
                text12                             3E50     3E50       FC      803       0
                text11                             3D54     3D54       FC      803       0
                text10                             4554     4554        8      803       0
                text9                              454C     454C        8      803       0
                text8                              41E2     41E2       A2      803       0
                text7                              4048     4048       D8      803       0
                text6                              3B40     3B40      10E      803       0
                text5                              44CE     44CE       1A      803       0
                text4                              44AC     44AC       22      803       0
                text3                              3532     3532      15E      803       0
                text2                              4284     4284       9A      803       0
                text1                              37EE     37EE      12E      803       0
                text0                              1006     1006      FA0      803       0
                cstackCOMRAM                          1        1       75        1       1
                dataBANK0                            80       80       2C       80       1
                bssBANK0                             AC       AC       1C       80       1
                dataCOMRAM                           7A       7A        4        1       1
                bssCOMRAM                            76       76        4        1       1
                cinit                              431E     431E       5E      803       0
                idataBANK0                         445A     445A       2C      803       0
                idataCOMRAM                        455C     455C        4      803       0

TOTAL           Name                               Link     Load   Length     Space
        CLASS   CODE           
                intcodelo                            18       18       4E         0
                intcode                               8        8        6         0
                init                                 66       66        4         0
                reset_vec                             0        0        4         0
                text49                             458C     458C        4         0
                text48                             4588     4588        4         0
                text47                             4584     4584        4         0
                text46                             4580     4580        4         0
                text45                             457C     457C        4         0
                text44                             4578     4578        4         0
                text43                             4574     4574        4         0
                text42                             4570     4570        4         0
                text41                             456C     456C        4         0
                text40                             4568     4568        4         0
                intcode_body                       3128     3128      256         0
                text38                             4564     4564        4         0
                text37                             4560     4560        4         0
                text35                             4536     4536        C         0
                text34                             4504     4504        E         0
                text33                             44F6     44F6        E         0
                text32                             44E8     44E8        E         0
                text31                             2D8E     2D8E      39A         0
                text30                             2964     2964      42A         0
                text29                             24A4     24A4      4C0         0
                text28                             4414     4414       46         0
                text27                             3C4E     3C4E      106         0
                text26                             4486     4486       26         0
                text25                             337E     337E      1B4         0
                text24                             1FA6     1FA6      4FE         0
                text23                             4542     4542        A         0
                text22                             452A     452A        C         0
                text21                             451E     451E        C         0
                text20                             4512     4512        C         0
                text19                             3690     3690      15E         0
                text18                             437C     437C       52         0
                text17                             3A2E     3A2E      112         0
                text16                             391C     391C      112         0
                text15                             4120     4120       C2         0
                text14                             43CE     43CE       46         0
                text13                             3F4C     3F4C       FC         0
                text12                             3E50     3E50       FC         0
                text11                             3D54     3D54       FC         0
                text10                             4554     4554        8         0
                text9                              454C     454C        8         0
                text8                              41E2     41E2       A2         0
                text7                              4048     4048       D8         0
                text6                              3B40     3B40      10E         0
                text5                              44CE     44CE       1A         0
                text4                              44AC     44AC       22         0
                text3                              3532     3532      15E         0
                text2                              4284     4284       9A         0
                text1                              37EE     37EE      12E         0
                text0                              1006     1006      FA0         0
                cinit                              431E     431E       5E         0
                idataBANK0                         445A     445A       2C         0
                idataCOMRAM                        455C     455C        4         0

        CLASS   CONST          

        CLASS   SMALLCONST     
                smallconst                         1000     1000        6         0

        CLASS   MEDIUMCONST    

        CLASS   COMRAM         
                temp                                 7E       7E        1         1
                cstackCOMRAM                          1        1       75         1
                dataCOMRAM                           7A       7A        4         1
                bssCOMRAM                            76       76        4         1

        CLASS   ABS1           

        CLASS   BIGRAM         

        CLASS   RAM            

        CLASS   BANK0          
                dataBANK0                            80       80       2C         1
                bssBANK0                             AC       AC       1C         1

        CLASS   BANK1          

        CLASS   BANK2          

        CLASS   BANK3          

        CLASS   BANK4          

        CLASS   BANK5          

        CLASS   BANK6          

        CLASS   BANK7          

        CLASS   BANK8          

        CLASS   BANK9          

        CLASS   BANK10         

        CLASS   BANK11         

        CLASS   BANK12         

        CLASS   BANK13         

        CLASS   BANK14         

        CLASS   BANK15         

        CLASS   SFR            

        CLASS   BIGSFR         

        CLASS   CONFIG         
                config                           300000   300000        E         4

        CLASS   IDLOC          

        CLASS   EEDATA         

        CLASS   FARRAM         

        CLASS   HEAP           

        CLASS   STACK          



SEGMENTS        Name                           Load    Length   Top    Selector   Space  Class

                reset_vec                      000000  000004  000004         0       0  CODE    
                cstackCOMRAM                   000001  00007E  00007F         1       1  COMRAM  
                intcode                        000008  000006  00000E         4       0  CODE    
                intcodelo                      000018  000052  00006A         C       0  CODE    
                dataBANK0                      000080  000048  0000C8        80       1  BANK0   
                smallconst                     001000  000006  001006       800       0  SMALLCON
                text0                          001006  00358A  004590       803       0  CODE    


UNUSED ADDRESS RANGES

        Name                Unused          Largest block    Delta
        BANK0            0000C8-0000FF               38
        BANK1            000100-0001FF              100
        BANK10           000A00-000AFF              100
        BANK11           000B00-000BFF              100
        BANK12           000C00-000CFF              100
        BANK13           000D00-000DFF              100
        BANK14           000E00-000EFF              100
        BANK15           000F00-000F7F               80
        BANK2            000200-0002FF              100
        BANK3            000300-0003FF              100
        BANK4            000400-0004FF              100
        BANK5            000500-0005FF              100
        BANK6            000600-0006FF              100
        BANK7            000700-0007FF              100
        BANK8            000800-0008FF              100
        BANK9            000900-0009FF              100
        BIGRAM           00007F-00007F                1
                         0000C8-000F7F              EB8
        BIGSFR           000F80-000FFF               80
        CODE             000004-000007                4
                         00000E-000017                A
                         00006A-000FFF              F96
                         004590-00FFFF             BA70
        COMRAM           00007F-00007F                1
        CONST            000004-000007                4
                         00000E-000017                A
                         00006A-000FFF              F96
                         004590-00FFFF             BA70
        EEDATA           F00000-F003FF              400
        IDLOC            200000-200007                8
        MEDIUMCONST      004590-00FFFF             BA70
        RAM              0000C8-000F7F              100
        SFR              000F80-000FFF               80
        SMALLCONST       004590-00FFFF              100

                                  Symbol Table

?___fladd                                cstackCOMRAM 000002
?___fldiv                                cstackCOMRAM 000023
?___flmul                                cstackCOMRAM 000002
?___flsub                                cstackCOMRAM 00001B
?___fltol                                cstackCOMRAM 00003C
?___wmul                                 cstackCOMRAM 000002
?___xxtofl                               cstackCOMRAM 000008
Calculate_digits@x                       cstackCOMRAM 000046
Calculate_digits@x0                      cstackCOMRAM 00004E
Calculate_digits@x1                      cstackCOMRAM 00004C
Calculate_digits@x2                      cstackCOMRAM 00004A
Calculate_digits@x_1                     cstackCOMRAM 000050
Calculate_digits@x_2                     cstackCOMRAM 000052
Display_Current@My_lcd                   cstackCOMRAM 000028
Display_Current@x0                       cstackCOMRAM 00002E
Display_Current@x1                       cstackCOMRAM 00002C
Display_Current@x2                       cstackCOMRAM 00002A
Display_Current@x_1                      cstackCOMRAM 000030
Display_Current@x_2                      cstackCOMRAM 000032
Display_Resistance@My_lcd                cstackCOMRAM 000028
Display_Resistance@x0                    cstackCOMRAM 00002E
Display_Resistance@x1                    cstackCOMRAM 00002C
Display_Resistance@x2                    cstackCOMRAM 00002A
Display_Resistance@x_1                   cstackCOMRAM 000030
Display_Resistance@x_2                   cstackCOMRAM 000032
Display_volt@My_lcd                      cstackCOMRAM 000028
Display_volt@x0                          cstackCOMRAM 00002E
Display_volt@x1                          cstackCOMRAM 00002C
Display_volt@x2                          cstackCOMRAM 00002A
Display_volt@x_1                         cstackCOMRAM 000030
Display_volt@x_2                         cstackCOMRAM 000032
_AC_Current_selection                    text35       004536
_AC_Volt_Up_to_200_selection             text34       004504
_AC_Volt_Up_to_50_selection              text33       0044F6
_AC_Volt_Up_to_5_selection               text32       0044E8
_ADCON0bits                              (abs)        000FC2
_ADCON1bits                              (abs)        000FC1
_ADCON2bits                              (abs)        000FC0
_ADC_Pin                                 dataBANK0    00009E
_ADC_Val                                 bssCOMRAM    000078
_ADRESH                                  (abs)        000FC4
_ADRESL                                  (abs)        000FC3
_Calculate_digits                        text24       001FA6
_Calculate_digits$2852                   cstackCOMRAM 00005C
_Calculate_digits$2853                   cstackCOMRAM 000058
_Calculate_digits$2854                   cstackCOMRAM 000054
_DC_Current_selection                    text23       004542
_DC_Volt_Up_to_200_selection             text22       00452A
_DC_Volt_Up_to_50_selection              text21       00451E
_DC_Volt_Up_to_5_selection               text20       004512
_Display_Current                         text13       003F4C
_Display_Resistance                      text12       003E50
_Display_volt                            text11       003D54
_INT0                                    (abs)        007C08
_INT0_ISR                                text49       00458C
_INT1                                    (abs)        007C09
_INT1_ISR                                text38       004564
_INT2                                    (abs)        007C0A
_INT2_ISR                                text37       004560
_INTCON2bits                             (abs)        000FF1
_INTCON3bits                             (abs)        000FF0
_INTCONbits                              (abs)        000FF2
_IPR1bits                                (abs)        000F9F
_LATA                                    (abs)        000F89
_LATAbits                                (abs)        000F89
_LATB                                    (abs)        000F8A
_LATC                                    (abs)        000F8B
_LATCbits                                (abs)        000F8B
_LATD                                    (abs)        000F8C
_LATE                                    (abs)        000F8D
_LAT_REG                                 dataBANK0    00008A
_PIE1bits                                (abs)        000F9D
_PIR1bits                                (abs)        000F9E
_PORTA                                   (abs)        000F80
_PORTB                                   (abs)        000F81
_PORTBbits                               (abs)        000F81
_PORTC                                   (abs)        000F82
_PORTD                                   (abs)        000F83
_PORTDbits                               (abs)        000F83
_PORTE                                   (abs)        000F84
_PORT_REG                                dataBANK0    000080
_RB4_ISR                                 text48       004588
_RB4_ISR2                                text47       004584
_RB5_ISR                                 text46       004580
_RB5_ISR2                                text45       00457C
_RB6_ISR                                 text44       004578
_RB6_ISR2                                text43       004574
_RB7_ISR                                 text42       004570
_RB7_ISR2                                text41       00456C
_RCONbits                                (abs)        000FD0
_Resistance_Up_to_10k_selection          text10       004554
_Resistance_Up_to_1M_selection           text9        00454C
_TRISA                                   (abs)        000F92
_TRISAbits                               (abs)        000F92
_TRISB                                   (abs)        000F93
_TRISBbits                               (abs)        000F93
_TRISC                                   (abs)        000F94
_TRISD                                   (abs)        000F95
_TRISDbits                               (abs)        000F95
_TRISE                                   (abs)        000F96
_TRIS_REG                                dataBANK0    000094
__HRAM                                   (abs)        000000
__H__absolute__                          __absolute__ 000000
__Habs1                                  abs1         000000
__Hbank0                                 bank0        000000
__Hbank1                                 bank1        000000
__Hbank10                                bank10       000000
__Hbank11                                bank11       000000
__Hbank12                                bank12       000000
__Hbank13                                bank13       000000
__Hbank14                                bank14       000000
__Hbank15                                bank15       000000
__Hbank2                                 bank2        000000
__Hbank3                                 bank3        000000
__Hbank4                                 bank4        000000
__Hbank5                                 bank5        000000
__Hbank6                                 bank6        000000
__Hbank7                                 bank7        000000
__Hbank8                                 bank8        000000
__Hbank9                                 bank9        000000
__Hbigbss                                bigbss       000000
__Hbigdata                               bigdata      000000
__Hbigram                                bigram       000000
__Hbigsfr                                bigsfr       000000
__Hbss                                   bss          000000
__HbssBANK0                              bssBANK0     000000
__HbssCOMRAM                             bssCOMRAM    000000
__Hcinit                                 cinit        000000
__Hclrtext                               clrtext      000000
__Hcomram                                comram       000000
__Hconfig                                config       30000E
__Hconst                                 const        000000
__HcstackCOMRAM                          cstackCOMRAM 000000
__Hdata                                  data         000000
__HdataBANK0                             dataBANK0    000000
__HdataCOMRAM                            dataCOMRAM   000000
__Heeprom_data                           eeprom_data  000000
__Hfarbss                                farbss       000000
__Hfardata                               fardata      000000
__Hheap                                  heap         000000
__Hibigdata                              ibigdata     000000
__Hidata                                 idata        000000
__HidataBANK0                            idataBANK0   000000
__HidataCOMRAM                           idataCOMRAM  000000
__Hidloc                                 idloc        000000
__Hifardata                              ifardata     000000
__Hinit                                  init         00006A
__Hintcode                               intcode      00000E
__Hintcode_body                          intcode_body 000000
__Hintcodelo                             intcodelo    000066
__Hintentry                              intentry     000000
__Hintret                                intret       000000
__Hintsave_regs                          intsave_regs 000000
__Hirdata                                irdata       000000
__Hmediumconst                           mediumconst  000000
__HnvFARRAM                              nvFARRAM     000000
__Hnvbit                                 nvbit        000000
__Hnvrram                                nvrram       000000
__Hparam                                 rparam       000000
__Hpowerup                               powerup      000066
__Hram                                   ram          000000
__Hramtop                                ramtop       001000
__Hrbit                                  rbit         000000
__Hrbss                                  rbss         000000
__Hrdata                                 rdata        000000
__Hreset_vec                             reset_vec    000004
__Hrparam                                rparam       000000
__Hsfr                                   sfr          000000
__Hsmallconst                            smallconst   001006
__Hspace_0                               (abs)        004590
__Hspace_1                               (abs)        0000C8
__Hspace_2                               (abs)        000000
__Hspace_4                               (abs)        60000E
__Hstack                                 stack        000000
__Hstruct                                struct       000000
__Htemp                                  temp         00007F
__Htext                                  text         000000
__Htext0                                 text0        000000
__Htext1                                 text1        000000
__Htext10                                text10       000000
__Htext11                                text11       000000
__Htext12                                text12       000000
__Htext13                                text13       000000
__Htext14                                text14       000000
__Htext15                                text15       000000
__Htext16                                text16       000000
__Htext17                                text17       000000
__Htext18                                text18       000000
__Htext19                                text19       000000
__Htext2                                 text2        000000
__Htext20                                text20       000000
__Htext21                                text21       000000
__Htext22                                text22       000000
__Htext23                                text23       000000
__Htext24                                text24       000000
__Htext25                                text25       000000
__Htext26                                text26       000000
__Htext27                                text27       000000
__Htext28                                text28       000000
__Htext29                                text29       000000
__Htext3                                 text3        000000
__Htext30                                text30       000000
__Htext31                                text31       000000
__Htext32                                text32       000000
__Htext33                                text33       000000
__Htext34                                text34       000000
__Htext35                                text35       000000
__Htext37                                text37       000000
__Htext38                                text38       000000
__Htext4                                 text4        000000
__Htext40                                text40       000000
__Htext41                                text41       000000
__Htext42                                text42       000000
__Htext43                                text43       000000
__Htext44                                text44       000000
__Htext45                                text45       000000
__Htext46                                text46       000000
__Htext47                                text47       000000
__Htext48                                text48       000000
__Htext49                                text49       000000
__Htext5                                 text5        000000
__Htext6                                 text6        000000
__Htext7                                 text7        000000
__Htext8                                 text8        000000
__Htext9                                 text9        000000
__LRAM                                   (abs)        000001
__L__absolute__                          __absolute__ 000000
__Labs1                                  abs1         000000
__Lbank0                                 bank0        000000
__Lbank1                                 bank1        000000
__Lbank10                                bank10       000000
__Lbank11                                bank11       000000
__Lbank12                                bank12       000000
__Lbank13                                bank13       000000
__Lbank14                                bank14       000000
__Lbank15                                bank15       000000
__Lbank2                                 bank2        000000
__Lbank3                                 bank3        000000
__Lbank4                                 bank4        000000
__Lbank5                                 bank5        000000
__Lbank6                                 bank6        000000
__Lbank7                                 bank7        000000
__Lbank8                                 bank8        000000
__Lbank9                                 bank9        000000
__Lbigbss                                bigbss       000000
__Lbigdata                               bigdata      000000
__Lbigram                                bigram       000000
__Lbigsfr                                bigsfr       000000
__Lbss                                   bss          000000
__LbssBANK0                              bssBANK0     000000
__LbssCOMRAM                             bssCOMRAM    000000
__Lcinit                                 cinit        000000
__Lclrtext                               clrtext      000000
__Lcomram                                comram       000000
__Lconfig                                config       000000
__Lconst                                 const        000000
__LcstackCOMRAM                          cstackCOMRAM 000000
__Ldata                                  data         000000
__LdataBANK0                             dataBANK0    000000
__LdataCOMRAM                            dataCOMRAM   000000
__Leeprom_data                           eeprom_data  000000
__Lfarbss                                farbss       000000
__Lfardata                               fardata      000000
__Lheap                                  heap         000000
__Libigdata                              ibigdata     000000
__Lidata                                 idata        000000
__LidataBANK0                            idataBANK0   000000
__LidataCOMRAM                           idataCOMRAM  000000
__Lidloc                                 idloc        000000
__Lifardata                              ifardata     000000
__Linit                                  init         000066
__Lintcode                               intcode      000008
__Lintcode_body                          intcode_body 000000
__Lintcodelo                             intcodelo    000018
__Lintentry                              intentry     000000
__Lintret                                intret       000000
__Lintsave_regs                          intsave_regs 000000
__Lirdata                                irdata       000000
__Lmediumconst                           mediumconst  000000
__LnvFARRAM                              nvFARRAM     000000
__Lnvbit                                 nvbit        000000
__Lnvrram                                nvrram       000000
__Lparam                                 rparam       000000
__Lpowerup                               powerup      000066
__Lram                                   ram          000000
__Lramtop                                ramtop       001000
__Lrbit                                  rbit         000000
__Lrbss                                  rbss         000000
__Lrdata                                 rdata        000000
__Lreset_vec                             reset_vec    000000
__Lrparam                                rparam       000000
__Lsfr                                   sfr          000000
__Lsmallconst                            smallconst   001000
__Lspace_0                               (abs)        000000
__Lspace_1                               (abs)        000000
__Lspace_2                               (abs)        000000
__Lspace_4                               (abs)        000000
__Lstack                                 stack        000000
__Lstruct                                struct       000000
__Ltemp                                  temp         00007E
__Ltext                                  text         000000
__Ltext0                                 text0        000000
__Ltext1                                 text1        000000
__Ltext10                                text10       000000
__Ltext11                                text11       000000
__Ltext12                                text12       000000
__Ltext13                                text13       000000
__Ltext14                                text14       000000
__Ltext15                                text15       000000
__Ltext16                                text16       000000
__Ltext17                                text17       000000
__Ltext18                                text18       000000
__Ltext19                                text19       000000
__Ltext2                                 text2        000000
__Ltext20                                text20       000000
__Ltext21                                text21       000000
__Ltext22                                text22       000000
__Ltext23                                text23       000000
__Ltext24                                text24       000000
__Ltext25                                text25       000000
__Ltext26                                text26       000000
__Ltext27                                text27       000000
__Ltext28                                text28       000000
__Ltext29                                text29       000000
__Ltext3                                 text3        000000
__Ltext30                                text30       000000
__Ltext31                                text31       000000
__Ltext32                                text32       000000
__Ltext33                                text33       000000
__Ltext34                                text34       000000
__Ltext35                                text35       000000
__Ltext37                                text37       000000
__Ltext38                                text38       000000
__Ltext4                                 text4        000000
__Ltext40                                text40       000000
__Ltext41                                text41       000000
__Ltext42                                text42       000000
__Ltext43                                text43       000000
__Ltext44                                text44       000000
__Ltext45                                text45       000000
__Ltext46                                text46       000000
__Ltext47                                text47       000000
__Ltext48                                text48       000000
__Ltext49                                text49       000000
__Ltext5                                 text5        000000
__Ltext6                                 text6        000000
__Ltext7                                 text7        000000
__Ltext8                                 text8        000000
__Ltext9                                 text9        000000
__S0                                     (abs)        004590
__S1                                     (abs)        0000C8
__S4                                     (abs)        000000
__S5                                     (abs)        000000
___fladd                                 text29       0024A4
___fladd@a                               cstackCOMRAM 000006
___fladd@aexp                            cstackCOMRAM 00000F
___fladd@b                               cstackCOMRAM 000002
___fladd@bexp                            cstackCOMRAM 000010
___fladd@grs                             cstackCOMRAM 000011
___fladd@signs                           cstackCOMRAM 00000E
___fldiv                                 text31       002D8E
___fldiv@a                               cstackCOMRAM 000027
___fldiv@aexp                            cstackCOMRAM 00003B
___fldiv@b                               cstackCOMRAM 000023
___fldiv@bexp                            cstackCOMRAM 00003A
___fldiv@grs                             cstackCOMRAM 000036
___fldiv@new_exp                         cstackCOMRAM 000034
___fldiv@rem                             cstackCOMRAM 00002F
___fldiv@sign                            cstackCOMRAM 000033
___flmul                                 text30       002964
___flmul@a                               cstackCOMRAM 000006
___flmul@aexp                            cstackCOMRAM 000013
___flmul@b                               cstackCOMRAM 000002
___flmul@bexp                            cstackCOMRAM 000014
___flmul@grs                             cstackCOMRAM 00000F
___flmul@prod                            cstackCOMRAM 000015
___flmul@sign                            cstackCOMRAM 00000E
___flmul@temp                            cstackCOMRAM 000019
___flsub                                 text28       004414
___flsub@a                               cstackCOMRAM 00001F
___flsub@b                               cstackCOMRAM 00001B
___fltol                                 text27       003C4E
___fltol@exp1                            cstackCOMRAM 000045
___fltol@f1                              cstackCOMRAM 00003C
___fltol@sign1                           cstackCOMRAM 000044
___heap_hi                               (abs)        000000
___heap_lo                               (abs)        000000
___inthi_sp                              stack        000000
___intlo_sp                              stack        000000
___param_bank                            (abs)        000000
___rparam_used                           (abs)        000001
___sp                                    stack        000000
___wmul                                  text26       004486
___wmul@multiplicand                     cstackCOMRAM 000004
___wmul@multiplier                       cstackCOMRAM 000002
___wmul@product                          cstackCOMRAM 000006
___xxtofl                                text25       00337E
___xxtofl@arg                            cstackCOMRAM 000012
___xxtofl@exp                            cstackCOMRAM 000011
___xxtofl@sign                           cstackCOMRAM 000010
___xxtofl@val                            cstackCOMRAM 000008
__accesstop                              (abs)        000080
__activetblptr                           (abs)        000003
__end_of_AC_Current_selection            text35       004542
__end_of_AC_Volt_Up_to_200_selection     text34       004512
__end_of_AC_Volt_Up_to_50_selection      text33       004504
__end_of_AC_Volt_Up_to_5_selection       text32       0044F6
__end_of_Calculate_digits                text24       0024A4
__end_of_DC_Current_selection            text23       00454C
__end_of_DC_Volt_Up_to_200_selection     text22       004536
__end_of_DC_Volt_Up_to_50_selection      text21       00452A
__end_of_DC_Volt_Up_to_5_selection       text20       00451E
__end_of_Display_Current                 text13       004048
__end_of_Display_Resistance              text12       003F4C
__end_of_Display_volt                    text11       003E50
__end_of_INT0_ISR                        text49       004590
__end_of_INT1_ISR                        text38       004568
__end_of_INT2_ISR                        text37       004564
__end_of_RB4_ISR                         text48       00458C
__end_of_RB4_ISR2                        text47       004588
__end_of_RB5_ISR                         text46       004584
__end_of_RB5_ISR2                        text45       004580
__end_of_RB6_ISR                         text44       00457C
__end_of_RB6_ISR2                        text43       004578
__end_of_RB7_ISR                         text42       004574
__end_of_RB7_ISR2                        text41       004570
__end_of_Resistance_Up_to_10k_selection  text10       00455C
__end_of_Resistance_Up_to_1M_selection   text9        004554
__end_of___fladd                         text29       002964
__end_of___fldiv                         text31       003128
__end_of___flmul                         text30       002D8E
__end_of___flsub                         text28       00445A
__end_of___fltol                         text27       003D54
__end_of___wmul                          text26       0044AC
__end_of___xxtofl                        text25       003532
__end_of__initialization                 cinit        004372
__end_of_adc_get_result                  text8        004284
__end_of_adc_init                        text6        003C4E
__end_of_adc_input_pin                   text7        004120
__end_of_adc_isr                         text40       00456C
__end_of_adc_start_conv                  text5        0044E8
__end_of_config_pins                     text4        0044CE
__end_of_gio_pin_init                    text2        00431E
__end_of_gio_pin_write_direction         text3        003690
__end_of_gio_pin_write_logic             text19       0037EE
__end_of_interrupt_high                  intcode_body 00337E
__end_of_interrupt_low                   intcodelo    000066
__end_of_lcd_4bit_initilization          text1        00391C
__end_of_lcd_4bit_sned_character         text17       003B40
__end_of_lcd_4bit_sned_character_at_pos  text14       004414
__end_of_lcd_4bit_sned_command           text16       003A2E
__end_of_lcd_4bit_sned_enable            text18       0043CE
__end_of_main                            text0        001FA6
__end_of_set_cursor_4                    text15       0041E2
__initialization                         cinit        00431E
__mediumconst                            mediumconst  000000
__pbssBANK0                              bssBANK0     0000AC
__pbssCOMRAM                             bssCOMRAM    000076
__pcinit                                 cinit        00431E
__pcstackCOMRAM                          cstackCOMRAM 000001
__pdataBANK0                             dataBANK0    000080
__pdataCOMRAM                            dataCOMRAM   00007A
__pidataBANK0                            idataBANK0   00445A
__pidataCOMRAM                           idataCOMRAM  00455C
__pintcode                               intcode      000008
__pintcode_body                          intcode_body 003128
__pintcodelo                             intcodelo    000018
__psmallconst                            smallconst   001000
__ptext0                                 text0        001006
__ptext1                                 text1        0037EE
__ptext10                                text10       004554
__ptext11                                text11       003D54
__ptext12                                text12       003E50
__ptext13                                text13       003F4C
__ptext14                                text14       0043CE
__ptext15                                text15       004120
__ptext16                                text16       00391C
__ptext17                                text17       003A2E
__ptext18                                text18       00437C
__ptext19                                text19       003690
__ptext2                                 text2        004284
__ptext20                                text20       004512
__ptext21                                text21       00451E
__ptext22                                text22       00452A
__ptext23                                text23       004542
__ptext24                                text24       001FA6
__ptext25                                text25       00337E
__ptext26                                text26       004486
__ptext27                                text27       003C4E
__ptext28                                text28       004414
__ptext29                                text29       0024A4
__ptext3                                 text3        003532
__ptext30                                text30       002964
__ptext31                                text31       002D8E
__ptext32                                text32       0044E8
__ptext33                                text33       0044F6
__ptext34                                text34       004504
__ptext35                                text35       004536
__ptext37                                text37       004560
__ptext38                                text38       004564
__ptext4                                 text4        0044AC
__ptext40                                text40       004568
__ptext41                                text41       00456C
__ptext42                                text42       004570
__ptext43                                text43       004574
__ptext44                                text44       004578
__ptext45                                text45       00457C
__ptext46                                text46       004580
__ptext47                                text47       004584
__ptext48                                text48       004588
__ptext49                                text49       00458C
__ptext5                                 text5        0044CE
__ptext6                                 text6        003B40
__ptext7                                 text7        004048
__ptext8                                 text8        0041E2
__ptext9                                 text9        00454C
__ramtop                                 ramtop       001000
__smallconst                             smallconst   001000
_adc_call                                bssCOMRAM    000076
_adc_get_result                          text8        0041E2
_adc_init                                text6        003B40
_adc_input_pin                           text7        004048
_adc_isr                                 text40       004568
_adc_start_conv                          text5        0044CE
_config_pins                             text4        0044AC
_flag_4                                  dataCOMRAM   00007D
_flag_5                                  dataCOMRAM   00007C
_flag_6                                  dataCOMRAM   00007B
_flag_7                                  dataCOMRAM   00007A
_gio_pin_init                            text2        004284
_gio_pin_write_direction                 text3        003532
_gio_pin_write_logic                     text19       003690
_int0_call                               bssBANK0     0000C6
_int1_call                               bssBANK0     0000C4
_int2_call                               bssBANK0     0000C2
_interrupt_high                          intcode      000008
_interrupt_low                           intcodelo    000018
_lcd                                     dataBANK0    0000A6
_lcd_4bit_initilization                  text1        0037EE
_lcd_4bit_sned_character                 text17       003A2E
_lcd_4bit_sned_character_at_pos          text14       0043CE
_lcd_4bit_sned_command                   text16       00391C
_lcd_4bit_sned_enable                    text18       00437C
_main                                    text0        001006
_main$2850                               cstackCOMRAM 000064
_main$2851                               cstackCOMRAM 000060
_rb4_call_high                           bssBANK0     0000C0
_rb4_call_low                            bssBANK0     0000BE
_rb5_call_high                           bssBANK0     0000BC
_rb5_call_low                            bssBANK0     0000BA
_rb6_call_high                           bssBANK0     0000B8
_rb6_call_low                            bssBANK0     0000B6
_rb7_call_high                           bssBANK0     0000B4
_rb7_call_low                            bssBANK0     0000B2
_set_cursor_4                            text15       004120
adc_get_result@my_adc                    cstackCOMRAM 000002
adc_get_result@myres                     cstackCOMRAM 000004
adc_init@my_adc                          cstackCOMRAM 000005
adc_input_pin@my_pin                     cstackCOMRAM 000004
adc_start_conv@my_adc                    cstackCOMRAM 000002
btemp                                    temp         00007E
end_of_initialization                    cinit        004372
gio_pin_init@my_config                   cstackCOMRAM 00000C
gio_pin_init@ret                         cstackCOMRAM 00000F
gio_pin_write_direction@direc            cstackCOMRAM 000004
gio_pin_write_direction@my_config        cstackCOMRAM 000002
gio_pin_write_direction@ret              cstackCOMRAM 00000B
gio_pin_write_logic@logic                cstackCOMRAM 000004
gio_pin_write_logic@my_config            cstackCOMRAM 000002
gio_pin_write_logic@ret                  cstackCOMRAM 00000B
int$flags                                temp         00007E
int_func                                 intcode_body 003128
intlevel0                                text         000000
intlevel1                                text         000000
intlevel2                                text         000000
intlevel3                                text         000000
isa$std                                  (abs)        000001
isa$xinst                                (abs)        000000
lcd_4bit_initilization@i                 cstackCOMRAM 00001F
lcd_4bit_initilization@my_lcd            cstackCOMRAM 00001B
lcd_4bit_initilization@ret               cstackCOMRAM 000021
lcd_4bit_sned_character@character        cstackCOMRAM 000011
lcd_4bit_sned_character@i                cstackCOMRAM 000017
lcd_4bit_sned_character@i_146            cstackCOMRAM 000019
lcd_4bit_sned_character@my_lcd           cstackCOMRAM 00000F
lcd_4bit_sned_character@ret              cstackCOMRAM 000016
lcd_4bit_sned_character_at_pos@character cstackCOMRAM 000026
lcd_4bit_sned_character_at_pos@column    cstackCOMRAM 000025
lcd_4bit_sned_character_at_pos@my_lcd    cstackCOMRAM 000022
lcd_4bit_sned_character_at_pos@ret       cstackCOMRAM 000027
lcd_4bit_sned_character_at_pos@row       cstackCOMRAM 000024
lcd_4bit_sned_command@command            cstackCOMRAM 000011
lcd_4bit_sned_command@i                  cstackCOMRAM 000017
lcd_4bit_sned_command@i_163              cstackCOMRAM 000019
lcd_4bit_sned_command@my_lcd             cstackCOMRAM 00000F
lcd_4bit_sned_command@ret                cstackCOMRAM 000016
lcd_4bit_sned_enable@my_lcd              cstackCOMRAM 00000C
lcd_4bit_sned_enable@ret                 cstackCOMRAM 00000E
main@x                                   cstackCOMRAM 000072
main@x0                                  cstackCOMRAM 00006C
main@x1                                  cstackCOMRAM 00006E
main@x2                                  cstackCOMRAM 000070
main@x_1                                 cstackCOMRAM 00006A
main@x_2                                 cstackCOMRAM 000068
set_cursor_4@column                      cstackCOMRAM 00001E
set_cursor_4@my_lcd                      cstackCOMRAM 00001B
set_cursor_4@ret                         cstackCOMRAM 000021
set_cursor_4@row                         cstackCOMRAM 00001D
stackhi                                  (abs)        000000
stacklo                                  (abs)        000000
start                                    init         000066
start_initialization                     cinit        00431E
ttemp5                                   temp         00007F
ttemp6                                   temp         000082
ttemp7                                   temp         000086
wtemp8                                   temp         00007F


MODULE INFORMATION

Module		Function		Class		Link	Load	Size
C:\Program Files\Microchip\xc8\v2.41\pic\sources\c99\common\fltol.c
		___fltol       		CODE           	3C4E	0000	262

C:\Program Files\Microchip\xc8\v2.41\pic\sources\c99\common\fltol.c estimated size: 262

C:\Program Files\Microchip\xc8\v2.41\pic\sources\c99\common\xxtofl.c
		___xxtofl      		CODE           	337E	0000	436

C:\Program Files\Microchip\xc8\v2.41\pic\sources\c99\common\xxtofl.c estimated size: 436

MCAL_layer/interrupt/external_interrupt.c
		_RB4_ISR       		CODE           	4588	0000	4
		_RB4_ISR2      		CODE           	4584	0000	4
		_RB5_ISR       		CODE           	4580	0000	4
		_RB5_ISR2      		CODE           	457C	0000	4
		_RB6_ISR       		CODE           	4578	0000	4
		_RB6_ISR2      		CODE           	4574	0000	4
		_RB7_ISR       		CODE           	4570	0000	4
		_RB7_ISR2      		CODE           	456C	0000	4
		_INT0_ISR      		CODE           	458C	0000	4
		_INT1_ISR      		CODE           	4564	0000	4
		_INT2_ISR      		CODE           	4560	0000	4

MCAL_layer/interrupt/external_interrupt.c estimated size: 44

C:\Program Files\Microchip\xc8\v2.41\pic\sources\c99\common\sprcadd.c
		___flsub       		CODE           	4414	0000	70
		___fladd       		CODE           	24A4	0000	1216

C:\Program Files\Microchip\xc8\v2.41\pic\sources\c99\common\sprcadd.c estimated size: 1286

ECU_layer/lcd/lcd.c
		_lcd_4bit_sned_character		CODE           	3A2E	0000	274
		_lcd_4bit_sned_command		CODE           	391C	0000	274
		_lcd_4bit_initilization		CODE           	37EE	0000	302
		_lcd_4bit_sned_enable		CODE           	437C	0000	82
		_set_cursor_4  		CODE           	4120	0000	194
		_lcd_4bit_sned_character_at_pos		CODE           	43CE	0000	70

ECU_layer/lcd/lcd.c estimated size: 1196

shared
		__initialization		CODE           	431E	0000	84

shared estimated size: 84

MCAL_layer/adc/adc.c
		_adc_get_result		CODE           	41E2	0000	162
		_adc_start_conv		CODE           	44CE	0000	26
		_adc_isr       		CODE           	4568	0000	4
		_adc_input_pin 		CODE           	4048	0000	216
		_adc_init      		CODE           	3B40	0000	270

MCAL_layer/adc/adc.c estimated size: 678

C:\Program Files\Microchip\xc8\v2.41\pic\sources\c99\common\Umul16.c
		___wmul        		CODE           	4486	0000	38

C:\Program Files\Microchip\xc8\v2.41\pic\sources\c99\common\Umul16.c estimated size: 38

MCAL_layer/interrupt/interrupt_manager.c
		_interrupt_low 		CODE           	0018	0000	78
		_interrupt_high		CODE           	0008	0000	604

MCAL_layer/interrupt/interrupt_manager.c estimated size: 682

main.c
		_AC_Volt_Up_to_200_selection		CODE           	4504	0000	14
		_DC_Volt_Up_to_200_selection		CODE           	452A	0000	12
		_Resistance_Up_to_1M_selection		CODE           	454C	0000	8
		_Display_Resistance		CODE           	3E50	0000	252
		_Calculate_digits		CODE           	1FA6	0000	1278
		_main          		CODE           	1006	0000	4000
		_Display_Current		CODE           	3F4C	0000	252
		_AC_Volt_Up_to_5_selection		CODE           	44E8	0000	14
		_DC_Volt_Up_to_5_selection		CODE           	4512	0000	12
		_AC_Current_selection		CODE           	4536	0000	12
		_DC_Current_selection		CODE           	4542	0000	10
		_Resistance_Up_to_10k_selection		CODE           	4554	0000	8
		_AC_Volt_Up_to_50_selection		CODE           	44F6	0000	14
		_DC_Volt_Up_to_50_selection		CODE           	451E	0000	12
		_Display_volt  		CODE           	3D54	0000	252
		_config_pins   		CODE           	44AC	0000	34

main.c estimated size: 6184

C:\Program Files\Microchip\xc8\v2.41\pic\sources\c99\common\sprcmul.c
		___flmul       		CODE           	2964	0000	1066

C:\Program Files\Microchip\xc8\v2.41\pic\sources\c99\common\sprcmul.c estimated size: 1066

MCAL_layer/GPIO/hel_gpio.c
		_gio_pin_write_direction		CODE           	3532	0000	350
		_gio_pin_write_logic		CODE           	3690	0000	350
		_gio_pin_init  		CODE           	4284	0000	154

MCAL_layer/GPIO/hel_gpio.c estimated size: 854

C:\Program Files\Microchip\xc8\v2.41\pic\sources\c99\common\sprcdiv.c
		___fldiv       		CODE           	2D8E	0000	922

C:\Program Files\Microchip\xc8\v2.41\pic\sources\c99\common\sprcdiv.c estimated size: 922

